2025-02-15T01:11:06.708+05:30  INFO 25376 --- [Grocery_Booking] [main] c.q.a.g.G.GroceryBookingApplicationTests : Starting GroceryBookingApplicationTests using Java 19.0.1 with PID 25376 (started by dnyan in C:\qp-assessment\Grocery_Booking)
2025-02-15T01:11:06.710+05:30  INFO 25376 --- [Grocery_Booking] [main] c.q.a.g.G.GroceryBookingApplicationTests : No active profile set, falling back to 1 default profile: "default"
2025-02-15T01:11:07.658+05:30  INFO 25376 --- [Grocery_Booking] [main] .s.d.r.c.RepositoryConfigurationDelegate : Bootstrapping Spring Data JPA repositories in DEFAULT mode.
2025-02-15T01:11:07.692+05:30  INFO 25376 --- [Grocery_Booking] [main] .s.d.r.c.RepositoryConfigurationDelegate : Finished Spring Data repository scanning in 18 ms. Found 0 JPA repository interfaces.
2025-02-15T01:11:07.991+05:30  INFO 25376 --- [Grocery_Booking] [main] o.s.cloud.context.scope.GenericScope     : BeanFactory id=bc3c8475-9069-3c88-a22c-8921632dd687
2025-02-15T01:11:08.371+05:30  INFO 25376 --- [Grocery_Booking] [main] o.hibernate.jpa.internal.util.LogHelper  : HHH000204: Processing PersistenceUnitInfo [name: default]
2025-02-15T01:11:08.477+05:30  INFO 25376 --- [Grocery_Booking] [main] org.hibernate.Version                    : HHH000412: Hibernate ORM core version 6.6.5.Final
2025-02-15T01:11:08.523+05:30  INFO 25376 --- [Grocery_Booking] [main] o.h.c.internal.RegionFactoryInitiator    : HHH000026: Second-level cache disabled
2025-02-15T01:11:08.989+05:30  INFO 25376 --- [Grocery_Booking] [main] o.s.o.j.p.SpringPersistenceUnitInfo      : No LoadTimeWeaver setup: ignoring JPA class transformer
2025-02-15T01:11:09.030+05:30  INFO 25376 --- [Grocery_Booking] [main] com.zaxxer.hikari.HikariDataSource       : HikariPool-1 - Starting...
2025-02-15T01:11:09.545+05:30  INFO 25376 --- [Grocery_Booking] [main] com.zaxxer.hikari.pool.HikariPool        : HikariPool-1 - Added connection com.mysql.cj.jdbc.ConnectionImpl@164dea80
2025-02-15T01:11:09.549+05:30  INFO 25376 --- [Grocery_Booking] [main] com.zaxxer.hikari.HikariDataSource       : HikariPool-1 - Start completed.
2025-02-15T01:11:09.666+05:30  WARN 25376 --- [Grocery_Booking] [main] org.hibernate.orm.deprecation            : HHH90000025: MySQL8Dialect does not need to be specified explicitly using 'hibernate.dialect' (remove the property setting and it will be selected by default)
2025-02-15T01:11:09.672+05:30  WARN 25376 --- [Grocery_Booking] [main] org.hibernate.orm.deprecation            : HHH90000026: MySQL8Dialect has been deprecated; use org.hibernate.dialect.MySQLDialect instead
2025-02-15T01:11:09.700+05:30  INFO 25376 --- [Grocery_Booking] [main] org.hibernate.orm.connections.pooling    : HHH10001005: Database info:
	Database JDBC URL [Connecting through datasource 'HikariDataSource (HikariPool-1)']
	Database driver: undefined/unknown
	Database version: 8.0
	Autocommit mode: undefined/unknown
	Isolation level: undefined/unknown
	Minimum pool size: undefined/unknown
	Maximum pool size: undefined/unknown
2025-02-15T01:11:10.146+05:30  INFO 25376 --- [Grocery_Booking] [main] o.h.e.t.j.p.i.JtaPlatformInitiator       : HHH000489: No JTA platform available (set 'hibernate.transaction.jta.platform' to enable JTA platform integration)
2025-02-15T01:11:10.153+05:30  INFO 25376 --- [Grocery_Booking] [main] j.LocalContainerEntityManagerFactoryBean : Initialized JPA EntityManagerFactory for persistence unit 'default'
2025-02-15T01:11:10.365+05:30  WARN 25376 --- [Grocery_Booking] [main] JpaBaseConfiguration$JpaWebConfiguration : spring.jpa.open-in-view is enabled by default. Therefore, database queries may be performed during view rendering. Explicitly configure spring.jpa.open-in-view to disable this warning
2025-02-15T01:11:11.514+05:30  INFO 25376 --- [Grocery_Booking] [main] c.q.a.g.G.GroceryBookingApplicationTests : Started GroceryBookingApplicationTests in 5.464 seconds (process running for 7.081)
2025-02-15T01:11:12.763+05:30  INFO 25376 --- [Grocery_Booking] [SpringApplicationShutdownHook] j.LocalContainerEntityManagerFactoryBean : Closing JPA EntityManagerFactory for persistence unit 'default'
2025-02-15T01:11:12.767+05:30  INFO 25376 --- [Grocery_Booking] [SpringApplicationShutdownHook] com.zaxxer.hikari.HikariDataSource       : HikariPool-1 - Shutdown initiated...
2025-02-15T01:11:12.779+05:30  INFO 25376 --- [Grocery_Booking] [SpringApplicationShutdownHook] com.zaxxer.hikari.HikariDataSource       : HikariPool-1 - Shutdown completed.
2025-02-15T01:55:47.324+05:30  INFO 25872 --- [Grocery_Booking] [main] c.q.a.g.b.GroceryBookingApplicationTests : Starting GroceryBookingApplicationTests using Java 19.0.1 with PID 25872 (started by dnyan in C:\qp-assessment\Grocery_Booking)
2025-02-15T01:55:47.326+05:30  INFO 25872 --- [Grocery_Booking] [main] c.q.a.g.b.GroceryBookingApplicationTests : No active profile set, falling back to 1 default profile: "default"
2025-02-15T01:55:48.267+05:30  INFO 25872 --- [Grocery_Booking] [main] .s.d.r.c.RepositoryConfigurationDelegate : Bootstrapping Spring Data JPA repositories in DEFAULT mode.
2025-02-15T01:55:48.304+05:30  INFO 25872 --- [Grocery_Booking] [main] .s.d.r.c.RepositoryConfigurationDelegate : Finished Spring Data repository scanning in 19 ms. Found 0 JPA repository interfaces.
2025-02-15T01:55:48.604+05:30  INFO 25872 --- [Grocery_Booking] [main] o.s.cloud.context.scope.GenericScope     : BeanFactory id=bc3c8475-9069-3c88-a22c-8921632dd687
2025-02-15T01:55:48.980+05:30  INFO 25872 --- [Grocery_Booking] [main] o.hibernate.jpa.internal.util.LogHelper  : HHH000204: Processing PersistenceUnitInfo [name: default]
2025-02-15T01:55:49.094+05:30  INFO 25872 --- [Grocery_Booking] [main] org.hibernate.Version                    : HHH000412: Hibernate ORM core version 6.6.5.Final
2025-02-15T01:55:49.142+05:30  INFO 25872 --- [Grocery_Booking] [main] o.h.c.internal.RegionFactoryInitiator    : HHH000026: Second-level cache disabled
2025-02-15T01:55:49.360+05:30  INFO 25872 --- [Grocery_Booking] [main] o.h.e.boot.internal.EnversServiceImpl    : Envers integration enabled? : true
2025-02-15T01:55:49.626+05:30  INFO 25872 --- [Grocery_Booking] [main] o.s.o.j.p.SpringPersistenceUnitInfo      : No LoadTimeWeaver setup: ignoring JPA class transformer
2025-02-15T01:55:49.663+05:30  INFO 25872 --- [Grocery_Booking] [main] com.zaxxer.hikari.HikariDataSource       : HikariPool-1 - Starting...
2025-02-15T01:55:50.158+05:30  INFO 25872 --- [Grocery_Booking] [main] com.zaxxer.hikari.pool.HikariPool        : HikariPool-1 - Added connection com.mysql.cj.jdbc.ConnectionImpl@74431832
2025-02-15T01:55:50.160+05:30  INFO 25872 --- [Grocery_Booking] [main] com.zaxxer.hikari.HikariDataSource       : HikariPool-1 - Start completed.
2025-02-15T01:55:50.223+05:30  WARN 25872 --- [Grocery_Booking] [main] org.hibernate.orm.deprecation            : HHH90000025: MySQL8Dialect does not need to be specified explicitly using 'hibernate.dialect' (remove the property setting and it will be selected by default)
2025-02-15T01:55:50.224+05:30  WARN 25872 --- [Grocery_Booking] [main] org.hibernate.orm.deprecation            : HHH90000026: MySQL8Dialect has been deprecated; use org.hibernate.dialect.MySQLDialect instead
2025-02-15T01:55:50.248+05:30  INFO 25872 --- [Grocery_Booking] [main] org.hibernate.orm.connections.pooling    : HHH10001005: Database info:
	Database JDBC URL [Connecting through datasource 'HikariDataSource (HikariPool-1)']
	Database driver: undefined/unknown
	Database version: 8.0
	Autocommit mode: undefined/unknown
	Isolation level: undefined/unknown
	Minimum pool size: undefined/unknown
	Maximum pool size: undefined/unknown
2025-02-15T01:55:50.565+05:30  INFO 25872 --- [Grocery_Booking] [main] o.h.e.c.i.m.AuditMetadataGenerator       : Adding properties for entity: com.qb.assessment.grocery.booking.entity.UserDetails
2025-02-15T01:55:51.633+05:30  INFO 25872 --- [Grocery_Booking] [main] o.h.e.t.j.p.i.JtaPlatformInitiator       : HHH000489: No JTA platform available (set 'hibernate.transaction.jta.platform' to enable JTA platform integration)
2025-02-15T01:55:52.091+05:30  INFO 25872 --- [Grocery_Booking] [main] j.LocalContainerEntityManagerFactoryBean : Initialized JPA EntityManagerFactory for persistence unit 'default'
2025-02-15T01:55:52.400+05:30  WARN 25872 --- [Grocery_Booking] [main] JpaBaseConfiguration$JpaWebConfiguration : spring.jpa.open-in-view is enabled by default. Therefore, database queries may be performed during view rendering. Explicitly configure spring.jpa.open-in-view to disable this warning
2025-02-15T01:55:53.493+05:30  INFO 25872 --- [Grocery_Booking] [main] c.q.a.g.b.GroceryBookingApplicationTests : Started GroceryBookingApplicationTests in 6.879 seconds (process running for 8.641)
2025-02-15T01:55:54.242+05:30  INFO 25872 --- [Grocery_Booking] [SpringApplicationShutdownHook] j.LocalContainerEntityManagerFactoryBean : Closing JPA EntityManagerFactory for persistence unit 'default'
2025-02-15T01:55:54.246+05:30  INFO 25872 --- [Grocery_Booking] [SpringApplicationShutdownHook] com.zaxxer.hikari.HikariDataSource       : HikariPool-1 - Shutdown initiated...
2025-02-15T01:55:54.260+05:30  INFO 25872 --- [Grocery_Booking] [SpringApplicationShutdownHook] com.zaxxer.hikari.HikariDataSource       : HikariPool-1 - Shutdown completed.
2025-02-15T01:56:11.819+05:30  INFO 23584 --- [Grocery_Booking] [main] c.q.a.g.b.GroceryBookingApplicationTests : Starting GroceryBookingApplicationTests using Java 19.0.1 with PID 23584 (started by dnyan in C:\qp-assessment\Grocery_Booking)
2025-02-15T01:56:11.821+05:30  INFO 23584 --- [Grocery_Booking] [main] c.q.a.g.b.GroceryBookingApplicationTests : No active profile set, falling back to 1 default profile: "default"
2025-02-15T01:56:12.807+05:30  INFO 23584 --- [Grocery_Booking] [main] .s.d.r.c.RepositoryConfigurationDelegate : Bootstrapping Spring Data JPA repositories in DEFAULT mode.
2025-02-15T01:56:12.847+05:30  INFO 23584 --- [Grocery_Booking] [main] .s.d.r.c.RepositoryConfigurationDelegate : Finished Spring Data repository scanning in 23 ms. Found 0 JPA repository interfaces.
2025-02-15T01:56:13.181+05:30  INFO 23584 --- [Grocery_Booking] [main] o.s.cloud.context.scope.GenericScope     : BeanFactory id=bc3c8475-9069-3c88-a22c-8921632dd687
2025-02-15T01:56:13.595+05:30  INFO 23584 --- [Grocery_Booking] [main] o.hibernate.jpa.internal.util.LogHelper  : HHH000204: Processing PersistenceUnitInfo [name: default]
2025-02-15T01:56:13.723+05:30  INFO 23584 --- [Grocery_Booking] [main] org.hibernate.Version                    : HHH000412: Hibernate ORM core version 6.6.5.Final
2025-02-15T01:56:13.791+05:30  INFO 23584 --- [Grocery_Booking] [main] o.h.c.internal.RegionFactoryInitiator    : HHH000026: Second-level cache disabled
2025-02-15T01:56:13.986+05:30  INFO 23584 --- [Grocery_Booking] [main] o.h.e.boot.internal.EnversServiceImpl    : Envers integration enabled? : true
2025-02-15T01:56:14.274+05:30  INFO 23584 --- [Grocery_Booking] [main] o.s.o.j.p.SpringPersistenceUnitInfo      : No LoadTimeWeaver setup: ignoring JPA class transformer
2025-02-15T01:56:14.311+05:30  INFO 23584 --- [Grocery_Booking] [main] com.zaxxer.hikari.HikariDataSource       : HikariPool-1 - Starting...
2025-02-15T01:56:14.714+05:30  INFO 23584 --- [Grocery_Booking] [main] com.zaxxer.hikari.pool.HikariPool        : HikariPool-1 - Added connection com.mysql.cj.jdbc.ConnectionImpl@70592729
2025-02-15T01:56:14.717+05:30  INFO 23584 --- [Grocery_Booking] [main] com.zaxxer.hikari.HikariDataSource       : HikariPool-1 - Start completed.
2025-02-15T01:56:14.770+05:30  WARN 23584 --- [Grocery_Booking] [main] org.hibernate.orm.deprecation            : HHH90000025: MySQL8Dialect does not need to be specified explicitly using 'hibernate.dialect' (remove the property setting and it will be selected by default)
2025-02-15T01:56:14.772+05:30  WARN 23584 --- [Grocery_Booking] [main] org.hibernate.orm.deprecation            : HHH90000026: MySQL8Dialect has been deprecated; use org.hibernate.dialect.MySQLDialect instead
2025-02-15T01:56:14.795+05:30  INFO 23584 --- [Grocery_Booking] [main] org.hibernate.orm.connections.pooling    : HHH10001005: Database info:
	Database JDBC URL [Connecting through datasource 'HikariDataSource (HikariPool-1)']
	Database driver: undefined/unknown
	Database version: 8.0
	Autocommit mode: undefined/unknown
	Isolation level: undefined/unknown
	Minimum pool size: undefined/unknown
	Maximum pool size: undefined/unknown
2025-02-15T01:56:15.123+05:30  INFO 23584 --- [Grocery_Booking] [main] o.h.e.c.i.m.AuditMetadataGenerator       : Adding properties for entity: com.qb.assessment.grocery.booking.entity.UserDetails
2025-02-15T01:56:16.120+05:30  INFO 23584 --- [Grocery_Booking] [main] o.h.e.t.j.p.i.JtaPlatformInitiator       : HHH000489: No JTA platform available (set 'hibernate.transaction.jta.platform' to enable JTA platform integration)
2025-02-15T01:56:16.225+05:30  INFO 23584 --- [Grocery_Booking] [main] j.LocalContainerEntityManagerFactoryBean : Initialized JPA EntityManagerFactory for persistence unit 'default'
2025-02-15T01:56:16.432+05:30  WARN 23584 --- [Grocery_Booking] [main] JpaBaseConfiguration$JpaWebConfiguration : spring.jpa.open-in-view is enabled by default. Therefore, database queries may be performed during view rendering. Explicitly configure spring.jpa.open-in-view to disable this warning
2025-02-15T01:56:17.540+05:30  INFO 23584 --- [Grocery_Booking] [main] c.q.a.g.b.GroceryBookingApplicationTests : Started GroceryBookingApplicationTests in 6.324 seconds (process running for 7.949)
2025-02-15T01:56:18.555+05:30  INFO 23584 --- [Grocery_Booking] [SpringApplicationShutdownHook] j.LocalContainerEntityManagerFactoryBean : Closing JPA EntityManagerFactory for persistence unit 'default'
2025-02-15T01:56:18.564+05:30  INFO 23584 --- [Grocery_Booking] [SpringApplicationShutdownHook] com.zaxxer.hikari.HikariDataSource       : HikariPool-1 - Shutdown initiated...
2025-02-15T01:56:18.577+05:30  INFO 23584 --- [Grocery_Booking] [SpringApplicationShutdownHook] com.zaxxer.hikari.HikariDataSource       : HikariPool-1 - Shutdown completed.
2025-02-15T01:57:41.292+05:30  INFO 24244 --- [Grocery_Booking] [main] c.q.a.g.b.GroceryBookingApplicationTests : Starting GroceryBookingApplicationTests using Java 19.0.1 with PID 24244 (started by dnyan in C:\qp-assessment\Grocery_Booking)
2025-02-15T01:57:41.294+05:30  INFO 24244 --- [Grocery_Booking] [main] c.q.a.g.b.GroceryBookingApplicationTests : No active profile set, falling back to 1 default profile: "default"
2025-02-15T01:57:42.226+05:30  INFO 24244 --- [Grocery_Booking] [main] .s.d.r.c.RepositoryConfigurationDelegate : Bootstrapping Spring Data JPA repositories in DEFAULT mode.
2025-02-15T01:57:42.275+05:30  INFO 24244 --- [Grocery_Booking] [main] .s.d.r.c.RepositoryConfigurationDelegate : Finished Spring Data repository scanning in 28 ms. Found 0 JPA repository interfaces.
2025-02-15T01:57:42.596+05:30  INFO 24244 --- [Grocery_Booking] [main] o.s.cloud.context.scope.GenericScope     : BeanFactory id=bc3c8475-9069-3c88-a22c-8921632dd687
2025-02-15T01:57:43.004+05:30  INFO 24244 --- [Grocery_Booking] [main] o.hibernate.jpa.internal.util.LogHelper  : HHH000204: Processing PersistenceUnitInfo [name: default]
2025-02-15T01:57:43.122+05:30  INFO 24244 --- [Grocery_Booking] [main] org.hibernate.Version                    : HHH000412: Hibernate ORM core version 6.6.5.Final
2025-02-15T01:57:43.178+05:30  INFO 24244 --- [Grocery_Booking] [main] o.h.c.internal.RegionFactoryInitiator    : HHH000026: Second-level cache disabled
2025-02-15T01:57:43.381+05:30  INFO 24244 --- [Grocery_Booking] [main] o.h.e.boot.internal.EnversServiceImpl    : Envers integration enabled? : true
2025-02-15T01:57:43.641+05:30  INFO 24244 --- [Grocery_Booking] [main] o.s.o.j.p.SpringPersistenceUnitInfo      : No LoadTimeWeaver setup: ignoring JPA class transformer
2025-02-15T01:57:43.674+05:30  INFO 24244 --- [Grocery_Booking] [main] com.zaxxer.hikari.HikariDataSource       : HikariPool-1 - Starting...
2025-02-15T01:57:44.096+05:30  INFO 24244 --- [Grocery_Booking] [main] com.zaxxer.hikari.pool.HikariPool        : HikariPool-1 - Added connection com.mysql.cj.jdbc.ConnectionImpl@120d6cbf
2025-02-15T01:57:44.099+05:30  INFO 24244 --- [Grocery_Booking] [main] com.zaxxer.hikari.HikariDataSource       : HikariPool-1 - Start completed.
2025-02-15T01:57:44.154+05:30  WARN 24244 --- [Grocery_Booking] [main] org.hibernate.orm.deprecation            : HHH90000025: MySQL8Dialect does not need to be specified explicitly using 'hibernate.dialect' (remove the property setting and it will be selected by default)
2025-02-15T01:57:44.157+05:30  WARN 24244 --- [Grocery_Booking] [main] org.hibernate.orm.deprecation            : HHH90000026: MySQL8Dialect has been deprecated; use org.hibernate.dialect.MySQLDialect instead
2025-02-15T01:57:44.184+05:30  INFO 24244 --- [Grocery_Booking] [main] org.hibernate.orm.connections.pooling    : HHH10001005: Database info:
	Database JDBC URL [Connecting through datasource 'HikariDataSource (HikariPool-1)']
	Database driver: undefined/unknown
	Database version: 8.0
	Autocommit mode: undefined/unknown
	Isolation level: undefined/unknown
	Minimum pool size: undefined/unknown
	Maximum pool size: undefined/unknown
2025-02-15T01:57:44.527+05:30  INFO 24244 --- [Grocery_Booking] [main] o.h.e.c.i.m.AuditMetadataGenerator       : Adding properties for entity: com.qb.assessment.grocery.booking.entity.AdminDetails
2025-02-15T01:57:44.529+05:30  INFO 24244 --- [Grocery_Booking] [main] o.h.e.c.i.m.AuditMetadataGenerator       : Adding properties for entity: com.qb.assessment.grocery.booking.entity.UserDetails
2025-02-15T01:57:45.506+05:30  INFO 24244 --- [Grocery_Booking] [main] o.h.e.t.j.p.i.JtaPlatformInitiator       : HHH000489: No JTA platform available (set 'hibernate.transaction.jta.platform' to enable JTA platform integration)
2025-02-15T01:57:45.724+05:30  INFO 24244 --- [Grocery_Booking] [main] j.LocalContainerEntityManagerFactoryBean : Initialized JPA EntityManagerFactory for persistence unit 'default'
2025-02-15T01:57:45.951+05:30  WARN 24244 --- [Grocery_Booking] [main] JpaBaseConfiguration$JpaWebConfiguration : spring.jpa.open-in-view is enabled by default. Therefore, database queries may be performed during view rendering. Explicitly configure spring.jpa.open-in-view to disable this warning
2025-02-15T01:57:47.095+05:30  INFO 24244 --- [Grocery_Booking] [main] c.q.a.g.b.GroceryBookingApplicationTests : Started GroceryBookingApplicationTests in 6.465 seconds (process running for 7.941)
2025-02-15T01:57:47.913+05:30  INFO 24244 --- [Grocery_Booking] [SpringApplicationShutdownHook] j.LocalContainerEntityManagerFactoryBean : Closing JPA EntityManagerFactory for persistence unit 'default'
2025-02-15T01:57:47.917+05:30  INFO 24244 --- [Grocery_Booking] [SpringApplicationShutdownHook] com.zaxxer.hikari.HikariDataSource       : HikariPool-1 - Shutdown initiated...
2025-02-15T01:57:47.931+05:30  INFO 24244 --- [Grocery_Booking] [SpringApplicationShutdownHook] com.zaxxer.hikari.HikariDataSource       : HikariPool-1 - Shutdown completed.
2025-02-15T01:59:51.373+05:30  INFO 27788 --- [Grocery_Booking] [main] c.q.a.g.b.GroceryBookingApplicationTests : Starting GroceryBookingApplicationTests using Java 19.0.1 with PID 27788 (started by dnyan in C:\qp-assessment\Grocery_Booking)
2025-02-15T01:59:51.378+05:30  INFO 27788 --- [Grocery_Booking] [main] c.q.a.g.b.GroceryBookingApplicationTests : No active profile set, falling back to 1 default profile: "default"
2025-02-15T01:59:52.304+05:30  INFO 27788 --- [Grocery_Booking] [main] .s.d.r.c.RepositoryConfigurationDelegate : Bootstrapping Spring Data JPA repositories in DEFAULT mode.
2025-02-15T01:59:52.341+05:30  INFO 27788 --- [Grocery_Booking] [main] .s.d.r.c.RepositoryConfigurationDelegate : Finished Spring Data repository scanning in 19 ms. Found 0 JPA repository interfaces.
2025-02-15T01:59:52.677+05:30  INFO 27788 --- [Grocery_Booking] [main] o.s.cloud.context.scope.GenericScope     : BeanFactory id=bc3c8475-9069-3c88-a22c-8921632dd687
2025-02-15T01:59:53.061+05:30  INFO 27788 --- [Grocery_Booking] [main] o.hibernate.jpa.internal.util.LogHelper  : HHH000204: Processing PersistenceUnitInfo [name: default]
2025-02-15T01:59:53.167+05:30  INFO 27788 --- [Grocery_Booking] [main] org.hibernate.Version                    : HHH000412: Hibernate ORM core version 6.6.5.Final
2025-02-15T01:59:53.215+05:30  INFO 27788 --- [Grocery_Booking] [main] o.h.c.internal.RegionFactoryInitiator    : HHH000026: Second-level cache disabled
2025-02-15T01:59:53.388+05:30  INFO 27788 --- [Grocery_Booking] [main] o.h.e.boot.internal.EnversServiceImpl    : Envers integration enabled? : true
2025-02-15T01:59:53.637+05:30  INFO 27788 --- [Grocery_Booking] [main] o.s.o.j.p.SpringPersistenceUnitInfo      : No LoadTimeWeaver setup: ignoring JPA class transformer
2025-02-15T01:59:53.682+05:30  INFO 27788 --- [Grocery_Booking] [main] com.zaxxer.hikari.HikariDataSource       : HikariPool-1 - Starting...
2025-02-15T01:59:54.071+05:30  INFO 27788 --- [Grocery_Booking] [main] com.zaxxer.hikari.pool.HikariPool        : HikariPool-1 - Added connection com.mysql.cj.jdbc.ConnectionImpl@55881f40
2025-02-15T01:59:54.076+05:30  INFO 27788 --- [Grocery_Booking] [main] com.zaxxer.hikari.HikariDataSource       : HikariPool-1 - Start completed.
2025-02-15T01:59:54.143+05:30  WARN 27788 --- [Grocery_Booking] [main] org.hibernate.orm.deprecation            : HHH90000025: MySQL8Dialect does not need to be specified explicitly using 'hibernate.dialect' (remove the property setting and it will be selected by default)
2025-02-15T01:59:54.144+05:30  WARN 27788 --- [Grocery_Booking] [main] org.hibernate.orm.deprecation            : HHH90000026: MySQL8Dialect has been deprecated; use org.hibernate.dialect.MySQLDialect instead
2025-02-15T01:59:54.171+05:30  INFO 27788 --- [Grocery_Booking] [main] org.hibernate.orm.connections.pooling    : HHH10001005: Database info:
	Database JDBC URL [Connecting through datasource 'HikariDataSource (HikariPool-1)']
	Database driver: undefined/unknown
	Database version: 8.0
	Autocommit mode: undefined/unknown
	Isolation level: undefined/unknown
	Minimum pool size: undefined/unknown
	Maximum pool size: undefined/unknown
2025-02-15T01:59:54.569+05:30  INFO 27788 --- [Grocery_Booking] [main] o.h.e.c.i.m.AuditMetadataGenerator       : Adding properties for entity: com.qb.assessment.grocery.booking.entity.AdminDetails
2025-02-15T01:59:54.574+05:30  INFO 27788 --- [Grocery_Booking] [main] o.h.e.c.i.m.AuditMetadataGenerator       : Adding properties for entity: com.qb.assessment.grocery.booking.entity.UserDetails
2025-02-15T01:59:55.604+05:30  INFO 27788 --- [Grocery_Booking] [main] o.h.e.t.j.p.i.JtaPlatformInitiator       : HHH000489: No JTA platform available (set 'hibernate.transaction.jta.platform' to enable JTA platform integration)
2025-02-15T01:59:55.758+05:30  INFO 27788 --- [Grocery_Booking] [main] j.LocalContainerEntityManagerFactoryBean : Initialized JPA EntityManagerFactory for persistence unit 'default'
2025-02-15T01:59:55.977+05:30  WARN 27788 --- [Grocery_Booking] [main] JpaBaseConfiguration$JpaWebConfiguration : spring.jpa.open-in-view is enabled by default. Therefore, database queries may be performed during view rendering. Explicitly configure spring.jpa.open-in-view to disable this warning
2025-02-15T01:59:57.135+05:30  INFO 27788 --- [Grocery_Booking] [main] c.q.a.g.b.GroceryBookingApplicationTests : Started GroceryBookingApplicationTests in 6.394 seconds (process running for 7.919)
2025-02-15T01:59:57.906+05:30  INFO 27788 --- [Grocery_Booking] [SpringApplicationShutdownHook] j.LocalContainerEntityManagerFactoryBean : Closing JPA EntityManagerFactory for persistence unit 'default'
2025-02-15T01:59:57.912+05:30  INFO 27788 --- [Grocery_Booking] [SpringApplicationShutdownHook] com.zaxxer.hikari.HikariDataSource       : HikariPool-1 - Shutdown initiated...
2025-02-15T01:59:57.931+05:30  INFO 27788 --- [Grocery_Booking] [SpringApplicationShutdownHook] com.zaxxer.hikari.HikariDataSource       : HikariPool-1 - Shutdown completed.
